MPLINK 5.09, LINKER
Linker Map File - Created Tue Aug 30 20:32:00 2022

                                 Section Info
                  Section       Type    Address   Location Size(Bytes)
                ---------  ---------  ---------  ---------  ---------
                   .org_0       code   0x000000    program   0x000002
                   .cinit    romdata   0x000001    program   0x000004
                   .org_1       code   0x000004    program   0x000156
.config_2007_BUILD/DEFAULT/PRODUCTION/MAIN.O       code   0x002007    program   0x000002



                              Program Memory Usage 
                               Start         End      
                           ---------   ---------      
                            0x000000    0x000002      
                            0x000004    0x0000ae      
                            0x002007    0x002007      
            175 out of 8454 program addresses used, program memory utilization is 2%



                              Symbols - Sorted by Name
                     Name    Address   Location    Storage File                     
                ---------  ---------  ---------  --------- ---------                
                  ADC_GET   0x000046    program     static D:\Armando\OneDrive\PROJECTS\MPLABX\20220828-TRAFFIC_LIGHTS.X\ADC.asm
                DELAY_100   0x000016    program     static D:\Armando\OneDrive\PROJECTS\MPLABX\20220828-TRAFFIC_LIGHTS.X\Tempos.asm
                 DELAY_20   0x00002f    program     static D:\Armando\OneDrive\PROJECTS\MPLABX\20220828-TRAFFIC_LIGHTS.X\Tempos.asm
                  DELAY_5   0x00003a    program     static D:\Armando\OneDrive\PROJECTS\MPLABX\20220828-TRAFFIC_LIGHTS.X\Tempos.asm
                 DELAY_50   0x000024    program     static D:\Armando\OneDrive\PROJECTS\MPLABX\20220828-TRAFFIC_LIGHTS.X\Tempos.asm
                DELAY_500   0x000005    program     static D:\Armando\OneDrive\PROJECTS\MPLABX\20220828-TRAFFIC_LIGHTS.X\Tempos.asm
                  DISPLAY   0x000073    program     static D:\Armando\OneDrive\PROJECTS\MPLABX\20220828-TRAFFIC_LIGHTS.X\Displays.asm
                  DLoop10   0x000012    program     static D:\Armando\OneDrive\PROJECTS\MPLABX\20220828-TRAFFIC_LIGHTS.X\Tempos.asm
                  DLoop11   0x000013    program     static D:\Armando\OneDrive\PROJECTS\MPLABX\20220828-TRAFFIC_LIGHTS.X\Tempos.asm
                  DLoop12   0x000014    program     static D:\Armando\OneDrive\PROJECTS\MPLABX\20220828-TRAFFIC_LIGHTS.X\Tempos.asm
                   DLoop2   0x000044    program     static D:\Armando\OneDrive\PROJECTS\MPLABX\20220828-TRAFFIC_LIGHTS.X\Tempos.asm
                   DLoop3   0x000020    program     static D:\Armando\OneDrive\PROJECTS\MPLABX\20220828-TRAFFIC_LIGHTS.X\Tempos.asm
                   DLoop4   0x000021    program     static D:\Armando\OneDrive\PROJECTS\MPLABX\20220828-TRAFFIC_LIGHTS.X\Tempos.asm
                   DLoop5   0x000022    program     static D:\Armando\OneDrive\PROJECTS\MPLABX\20220828-TRAFFIC_LIGHTS.X\Tempos.asm
                   DLoop6   0x00000a    program     static D:\Armando\OneDrive\PROJECTS\MPLABX\20220828-TRAFFIC_LIGHTS.X\Tempos.asm
                   DLoop7   0x00000b    program     static D:\Armando\OneDrive\PROJECTS\MPLABX\20220828-TRAFFIC_LIGHTS.X\Tempos.asm
                   DLoop8   0x00000c    program     static D:\Armando\OneDrive\PROJECTS\MPLABX\20220828-TRAFFIC_LIGHTS.X\Tempos.asm
                   DLoop9   0x000011    program     static D:\Armando\OneDrive\PROJECTS\MPLABX\20220828-TRAFFIC_LIGHTS.X\Tempos.asm
                   Dloop1   0x000043    program     static D:\Armando\OneDrive\PROJECTS\MPLABX\20220828-TRAFFIC_LIGHTS.X\Tempos.asm
              FIXING_VOLT   0x00006e    program     static D:\Armando\OneDrive\PROJECTS\MPLABX\20220828-TRAFFIC_LIGHTS.X\ADC.asm
                      IRQ   0x0000a1    program     static D:\Armando\OneDrive\PROJECTS\MPLABX\20220828-TRAFFIC_LIGHTS.X\Main.asm
                   PLoop1   0x00003c    program     static D:\Armando\OneDrive\PROJECTS\MPLABX\20220828-TRAFFIC_LIGHTS.X\Tempos.asm
                  PLoop13   0x000026    program     static D:\Armando\OneDrive\PROJECTS\MPLABX\20220828-TRAFFIC_LIGHTS.X\Tempos.asm
                  PLoop14   0x000028    program     static D:\Armando\OneDrive\PROJECTS\MPLABX\20220828-TRAFFIC_LIGHTS.X\Tempos.asm
                  PLoop15   0x000031    program     static D:\Armando\OneDrive\PROJECTS\MPLABX\20220828-TRAFFIC_LIGHTS.X\Tempos.asm
                  PLoop16   0x000033    program     static D:\Armando\OneDrive\PROJECTS\MPLABX\20220828-TRAFFIC_LIGHTS.X\Tempos.asm
                   PLoop2   0x00003e    program     static D:\Armando\OneDrive\PROJECTS\MPLABX\20220828-TRAFFIC_LIGHTS.X\Tempos.asm
                   PLoop3   0x000018    program     static D:\Armando\OneDrive\PROJECTS\MPLABX\20220828-TRAFFIC_LIGHTS.X\Tempos.asm
                   PLoop4   0x00001a    program     static D:\Armando\OneDrive\PROJECTS\MPLABX\20220828-TRAFFIC_LIGHTS.X\Tempos.asm
                   PLoop5   0x000007    program     static D:\Armando\OneDrive\PROJECTS\MPLABX\20220828-TRAFFIC_LIGHTS.X\Tempos.asm
                   PLoop6   0x000009    program     static D:\Armando\OneDrive\PROJECTS\MPLABX\20220828-TRAFFIC_LIGHTS.X\Tempos.asm
                      RFI   0x0000aa    program     static D:\Armando\OneDrive\PROJECTS\MPLABX\20220828-TRAFFIC_LIGHTS.X\Main.asm
                    SETUP   0x000079    program     static D:\Armando\OneDrive\PROJECTS\MPLABX\20220828-TRAFFIC_LIGHTS.X\Main.asm
                    START   0x000095    program     static D:\Armando\OneDrive\PROJECTS\MPLABX\20220828-TRAFFIC_LIGHTS.X\Main.asm
                    TABLE   0x000075    program     static D:\Armando\OneDrive\PROJECTS\MPLABX\20220828-TRAFFIC_LIGHTS.X\Displays.asm
                  TMR1_LD   0x00009b    program     static D:\Armando\OneDrive\PROJECTS\MPLABX\20220828-TRAFFIC_LIGHTS.X\Main.asm
           VOLT_TIME_CONV   0x000064    program     static D:\Armando\OneDrive\PROJECTS\MPLABX\20220828-TRAFFIC_LIGHTS.X\ADC.asm
             _.org_1_0056   0x000056    program     static D:\Armando\OneDrive\PROJECTS\MPLABX\20220828-TRAFFIC_LIGHTS.X\ADC.asm
             _.org_1_0059   0x000059    program     static D:\Armando\OneDrive\PROJECTS\MPLABX\20220828-TRAFFIC_LIGHTS.X\ADC.asm



                              Symbols - Sorted by Address
                     Name    Address   Location    Storage File                     
                ---------  ---------  ---------  --------- ---------                
                DELAY_500   0x000005    program     static D:\Armando\OneDrive\PROJECTS\MPLABX\20220828-TRAFFIC_LIGHTS.X\Tempos.asm
                   PLoop5   0x000007    program     static D:\Armando\OneDrive\PROJECTS\MPLABX\20220828-TRAFFIC_LIGHTS.X\Tempos.asm
                   PLoop6   0x000009    program     static D:\Armando\OneDrive\PROJECTS\MPLABX\20220828-TRAFFIC_LIGHTS.X\Tempos.asm
                   DLoop6   0x00000a    program     static D:\Armando\OneDrive\PROJECTS\MPLABX\20220828-TRAFFIC_LIGHTS.X\Tempos.asm
                   DLoop7   0x00000b    program     static D:\Armando\OneDrive\PROJECTS\MPLABX\20220828-TRAFFIC_LIGHTS.X\Tempos.asm
                   DLoop8   0x00000c    program     static D:\Armando\OneDrive\PROJECTS\MPLABX\20220828-TRAFFIC_LIGHTS.X\Tempos.asm
                   DLoop9   0x000011    program     static D:\Armando\OneDrive\PROJECTS\MPLABX\20220828-TRAFFIC_LIGHTS.X\Tempos.asm
                  DLoop10   0x000012    program     static D:\Armando\OneDrive\PROJECTS\MPLABX\20220828-TRAFFIC_LIGHTS.X\Tempos.asm
                  DLoop11   0x000013    program     static D:\Armando\OneDrive\PROJECTS\MPLABX\20220828-TRAFFIC_LIGHTS.X\Tempos.asm
                  DLoop12   0x000014    program     static D:\Armando\OneDrive\PROJECTS\MPLABX\20220828-TRAFFIC_LIGHTS.X\Tempos.asm
                DELAY_100   0x000016    program     static D:\Armando\OneDrive\PROJECTS\MPLABX\20220828-TRAFFIC_LIGHTS.X\Tempos.asm
                   PLoop3   0x000018    program     static D:\Armando\OneDrive\PROJECTS\MPLABX\20220828-TRAFFIC_LIGHTS.X\Tempos.asm
                   PLoop4   0x00001a    program     static D:\Armando\OneDrive\PROJECTS\MPLABX\20220828-TRAFFIC_LIGHTS.X\Tempos.asm
                   DLoop3   0x000020    program     static D:\Armando\OneDrive\PROJECTS\MPLABX\20220828-TRAFFIC_LIGHTS.X\Tempos.asm
                   DLoop4   0x000021    program     static D:\Armando\OneDrive\PROJECTS\MPLABX\20220828-TRAFFIC_LIGHTS.X\Tempos.asm
                   DLoop5   0x000022    program     static D:\Armando\OneDrive\PROJECTS\MPLABX\20220828-TRAFFIC_LIGHTS.X\Tempos.asm
                 DELAY_50   0x000024    program     static D:\Armando\OneDrive\PROJECTS\MPLABX\20220828-TRAFFIC_LIGHTS.X\Tempos.asm
                  PLoop13   0x000026    program     static D:\Armando\OneDrive\PROJECTS\MPLABX\20220828-TRAFFIC_LIGHTS.X\Tempos.asm
                  PLoop14   0x000028    program     static D:\Armando\OneDrive\PROJECTS\MPLABX\20220828-TRAFFIC_LIGHTS.X\Tempos.asm
                 DELAY_20   0x00002f    program     static D:\Armando\OneDrive\PROJECTS\MPLABX\20220828-TRAFFIC_LIGHTS.X\Tempos.asm
                  PLoop15   0x000031    program     static D:\Armando\OneDrive\PROJECTS\MPLABX\20220828-TRAFFIC_LIGHTS.X\Tempos.asm
                  PLoop16   0x000033    program     static D:\Armando\OneDrive\PROJECTS\MPLABX\20220828-TRAFFIC_LIGHTS.X\Tempos.asm
                  DELAY_5   0x00003a    program     static D:\Armando\OneDrive\PROJECTS\MPLABX\20220828-TRAFFIC_LIGHTS.X\Tempos.asm
                   PLoop1   0x00003c    program     static D:\Armando\OneDrive\PROJECTS\MPLABX\20220828-TRAFFIC_LIGHTS.X\Tempos.asm
                   PLoop2   0x00003e    program     static D:\Armando\OneDrive\PROJECTS\MPLABX\20220828-TRAFFIC_LIGHTS.X\Tempos.asm
                   Dloop1   0x000043    program     static D:\Armando\OneDrive\PROJECTS\MPLABX\20220828-TRAFFIC_LIGHTS.X\Tempos.asm
                   DLoop2   0x000044    program     static D:\Armando\OneDrive\PROJECTS\MPLABX\20220828-TRAFFIC_LIGHTS.X\Tempos.asm
                  ADC_GET   0x000046    program     static D:\Armando\OneDrive\PROJECTS\MPLABX\20220828-TRAFFIC_LIGHTS.X\ADC.asm
             _.org_1_0056   0x000056    program     static D:\Armando\OneDrive\PROJECTS\MPLABX\20220828-TRAFFIC_LIGHTS.X\ADC.asm
             _.org_1_0059   0x000059    program     static D:\Armando\OneDrive\PROJECTS\MPLABX\20220828-TRAFFIC_LIGHTS.X\ADC.asm
           VOLT_TIME_CONV   0x000064    program     static D:\Armando\OneDrive\PROJECTS\MPLABX\20220828-TRAFFIC_LIGHTS.X\ADC.asm
              FIXING_VOLT   0x00006e    program     static D:\Armando\OneDrive\PROJECTS\MPLABX\20220828-TRAFFIC_LIGHTS.X\ADC.asm
                  DISPLAY   0x000073    program     static D:\Armando\OneDrive\PROJECTS\MPLABX\20220828-TRAFFIC_LIGHTS.X\Displays.asm
                    TABLE   0x000075    program     static D:\Armando\OneDrive\PROJECTS\MPLABX\20220828-TRAFFIC_LIGHTS.X\Displays.asm
                    SETUP   0x000079    program     static D:\Armando\OneDrive\PROJECTS\MPLABX\20220828-TRAFFIC_LIGHTS.X\Main.asm
                    START   0x000095    program     static D:\Armando\OneDrive\PROJECTS\MPLABX\20220828-TRAFFIC_LIGHTS.X\Main.asm
                  TMR1_LD   0x00009b    program     static D:\Armando\OneDrive\PROJECTS\MPLABX\20220828-TRAFFIC_LIGHTS.X\Main.asm
                      IRQ   0x0000a1    program     static D:\Armando\OneDrive\PROJECTS\MPLABX\20220828-TRAFFIC_LIGHTS.X\Main.asm
                      RFI   0x0000aa    program     static D:\Armando\OneDrive\PROJECTS\MPLABX\20220828-TRAFFIC_LIGHTS.X\Main.asm


